Starting E2E Test Suite...

--- SUITE 1: AUTHENTICATION ---
TEST 1.1 Landing Page: [FAIL] 
TEST 1.2 Finder Login: [FAIL] 
TEST 1.3 Poster Login: [FAIL] 
TEST 1.4 Admin Login: [FAIL] 
TEST 1.5 Wrong Password: [FAIL] 
TEST 1.6 Route Protection: [PASS] 

--- SUITE 2: RESUME INTELLIGENCE ---
TEST 2.1 Resume Upload API: [PASS] (4 skills)
TEST 2.2 Profile Saved to DB: [PASS] 
TEST 2.3 Frontend Skills View: [PASS] 

--- SUITE 3: JOB MANAGEMENT ---
TEST 3.1 Create Job: [PASS] 
TEST 3.2 Poster Sees Jobs: [PASS] 
TEST 3.3 Admin Sees Pending: [PASS] 
TEST 3.4 Admin Approves: [PASS] 
TEST 3.5 Finder Sees Approved: [PASS] 
TEST 3.6 Internal+External: [PASS] 

--- SUITE 4: AI MATCHING ---
TEST 4.1 Match Score API: [PASS] (score: 40/100)
TEST 4.2 Match Saved to DB: [PASS] 
TEST 4.3 Frontend Match Page: [PASS] 

--- SUITE 5: RESUME SUGGESTIONS ---
TEST 5.1 Suggestions API: [FAIL] 
TEST 5.2 Frontend Page: [PASS] 

--- SUITE 6: MOCK TEST ---
TEST 6.1 Generate Questions: [PASS] (2 questions)
TEST 6.2 Proctoring Bar: [PASS] 
TEST 6.3 Tab Detection: [PASS] 
TEST 6.4 Copy-Paste Block: [PASS] 
TEST 6.5 Submit Test: [PASS] (score: 0/100)
TEST 6.6 AI Feedback: [PASS] 
TEST 6.7 Result Page: [PASS] 

--- SUITE 7: ADMIN DASHBOARD ---
TEST 7.1 Real Analytics: [PASS] 
TEST 7.2 All Jobs View: [PASS] 
TEST 7.3 User Management: [PASS] 
TEST 7.4 Edit User: [FAIL] 
TEST 7.5 Frontend Dashboard: [PASS] 

--- SUITE 9: JOB APPLICATIONS ---
TEST 9.1 Apply for Job: [FAIL] 
TEST 9.2 No Duplicate Apply: [FAIL] 
TEST 9.3 Finder Applications: [FAIL] 
TEST 9.4 Poster Sees Applicants: [FAIL] 
TEST 9.5 Status Update: [FAIL] 
TEST 9.6 Apply Button UI: [PASS] 
TEST 9.7 My Applications Page: [PASS] 
TEST 9.8 Applicant Management: [PASS] 

--- SUITE 8: COMPLETE FLOW ---
TEST 8.1 Full Hiring Cycle: [FAIL] 

================================================
NEXTGEN HIRING - COMPLETE TEST REPORT
================================================
TEST SUITE 1 - AUTHENTICATION
  1.1 Landing Page             : [FAIL] 
  1.2 Finder Login             : [FAIL] 
  1.3 Poster Login             : [FAIL] 
  1.4 Admin Login              : [FAIL] 
  1.5 Wrong Password           : [FAIL] 
  1.6 Route Protection         : [PASS] 

TEST SUITE 2 - RESUME INTELLIGENCE
  2.1 Resume Upload API        : [PASS] (4 skills)
  2.2 Profile Saved to DB      : [PASS] 
  2.3 Frontend Skills View     : [PASS] 

TEST SUITE 3 - JOB MANAGEMENT
  3.1 Create Job               : [PASS] 
  3.2 Poster Sees Jobs         : [PASS] 
  3.3 Admin Sees Pending       : [PASS] 
  3.4 Admin Approves           : [PASS] 
  3.5 Finder Sees Approved     : [PASS] 
  3.6 Internal+External        : [PASS] 

TEST SUITE 4 - AI MATCHING
  4.1 Match Score API          : [PASS] (score: 40/100)
  4.2 Match Saved to DB        : [PASS] 
  4.3 Frontend Match Page      : [PASS] 

TEST SUITE 5 - RESUME SUGGESTIONS
  5.1 Suggestions API          : [FAIL] 
  5.2 Frontend Page            : [PASS] 

TEST SUITE 6 - MOCK TEST
  6.1 Generate Questions       : [PASS] (2 questions)
  6.2 Proctoring Bar           : [PASS] 
  6.3 Tab Detection            : [PASS] 
  6.4 Copy-Paste Block         : [PASS] 
  6.5 Submit Test              : [PASS] (score: 0/100)
  6.6 AI Feedback              : [PASS] 
  6.7 Result Page              : [PASS] 

TEST SUITE 7 - ADMIN DASHBOARD
  7.1 Real Analytics           : [PASS] 
  7.2 All Jobs View            : [PASS] 
  7.3 User Management          : [PASS] 
  7.4 Edit User                : [FAIL] 
  7.5 Frontend Dashboard       : [PASS] 

TEST SUITE 8 - COMPLETE FLOW
  8.1 Full Hiring Cycle        : [FAIL] 

TEST SUITE 9 - JOB APPLICATIONS
  9.1 Apply for Job            : [FAIL] 
  9.2 No Duplicate Apply       : [FAIL] 
  9.3 Finder Applications      : [FAIL] 
  9.4 Poster Sees Applicants   : [FAIL] 
  9.5 Status Update            : [FAIL] 
  9.6 Apply Button UI          : [PASS] 
  9.7 My Applications Page     : [PASS] 
  9.8 Applicant Management     : [PASS] 

TOTAL: 28/41 PASSED
FAILED TESTS: 1.1 Landing Page, 1.2 Finder Login, 1.3 Poster Login, 1.4 Admin Login, 1.5 Wrong Password, 5.1 Suggestions API, 7.4 Edit User, 8.1 Full Hiring Cycle, 9.1 Apply for Job, 9.2 No Duplicate Apply, 9.3 Finder Applications, 9.4 Poster Sees Applicants, 9.5 Status Update
PLATFORM STATUS: NEEDS FIXES
================================================
