"Proceed with the implementation"
--- STARTING COMPREHENSIVE AUTOMATION TEST ---

STEP 1: Testing Resume Upload (Karthi)
Karthi Logged In
Resume Upload Success. Extracted Skills Count: 4
node : WARNING: Deep 
extraction found less 
than 10 skills. Review 
keywords.
At line:1 char:1
+ node 
automation-test.js > 
test-output.log 2>&1
+ ~~~~~~~~~~~~~~~~~~~~~
~~~~~~~~~~~~~~~~~~~~~~~
~~
    + CategoryInfo     
         : NotSpecifi  
  ed: (WARNING: Deep   
  e...eview keyword    
s.:String) [], Rem    
oteException
    + FullyQualifiedEr 
   rorId : NativeComm  
  andError
 

STEP 2: Creating Matching Job (Mani)
Mani Logged In
Job Created ID: 2
Approving Job (Simulating Admin Logic)

STEP 3: Generating Match Score
Match Score: 44
Reasoning Sample: Fallback match based on skill overlap. Matched 4 of 9 required skills.

STEP 4: Generating Mock Test
Questions Generated: 10

STEP 5: Submitting Mock Test
Submission Score: 30

STEP 7: Global Job Search Verification

!!! TEST FAILED !!!
Status: 404
Data: "<!DOCTYPE 
html>\n<html lang=\"en\
">\n<head>\n<meta chars
et=\"utf-8\">\n<title>E
rror</title>\n</head>\n
<body>\n<pre>Cannot 
POST /api/jobs/external
-search</pre>\n</body>\
n</html>\n"
